[    0.000000] Initializing cgroup subsys cpuset
[    0.000000] Initializing cgroup subsys cpu
[    0.000000] Initializing cgroup subsys cpuacct
[    0.000000] Linux version 4.4.0-184-generic (buildd@lgw01-amd64-060) (gcc version 5.4.0 20160609 (Ubuntu 5.4.0-6ubuntu1~16.04.12) ) #214-Ubuntu SMP Thu Jun 4 10:14:11 UTC 2020 (Ubuntu 4.4.0-184.214-generic 4.4.223)
[    0.000000] Command line: BOOT_IMAGE=/boot/vmlinuz-4.4.0-184-generic root=LABEL=cloudimg-rootfs ro console=tty1 console=ttyS0
[    0.000000] KERNEL supported cpus:
[    0.000000]   Intel GenuineIntel
[    0.000000]   AMD AuthenticAMD
[    0.000000]   Centaur CentaurHauls
[    0.000000] x86/fpu: xstate_offset[2]:  576, xstate_sizes[2]:  256
[    0.000000] x86/fpu: Supporting XSAVE feature 0x01: 'x87 floating point registers'
[    0.000000] x86/fpu: Supporting XSAVE feature 0x02: 'SSE registers'
[    0.000000] x86/fpu: Supporting XSAVE feature 0x04: 'AVX registers'
[    0.000000] x86/fpu: Enabled xstate features 0x7, context size is 832 bytes, using 'standard' format.
[    0.000000] e820: BIOS-provided physical RAM map:
[    0.000000] BIOS-e820: [mem 0x0000000000000000-0x000000000009fbff] usable
[    0.000000] BIOS-e820: [mem 0x000000000009fc00-0x000000000009ffff] reserved
[    0.000000] BIOS-e820: [mem 0x00000000000f0000-0x00000000000fffff] reserved
[    0.000000] BIOS-e820: [mem 0x0000000000100000-0x000000003ffeffff] usable
[    0.000000] BIOS-e820: [mem 0x000000003fff0000-0x000000003fffffff] ACPI data
[    0.000000] BIOS-e820: [mem 0x00000000fec00000-0x00000000fec00fff] reserved
[    0.000000] BIOS-e820: [mem 0x00000000fee00000-0x00000000fee00fff] reserved
[    0.000000] BIOS-e820: [mem 0x00000000fffc0000-0x00000000ffffffff] reserved
[    0.000000] NX (Execute Disable) protection: active
[    0.000000] SMBIOS 2.5 present.
[    0.000000] Hypervisor detected: KVM
[    0.000000] e820: last_pfn = 0x3fff0 max_arch_pfn = 0x400000000
[    0.000000] MTRR: Disabled
[    0.000000] x86/PAT: MTRRs disabled, skipping PAT initialization too.
[    0.000000] CPU MTRRs all blank - virtualized system.
[    0.000000] x86/PAT: Configuration [0-7]: WB  WT  UC- UC  WB  WT  UC- UC  
[    0.000000] found SMP MP-table at [mem 0x0009fff0-0x0009ffff] mapped at [ffff88000009fff0]
[    0.000000] Scanning 1 areas for low memory corruption
[    0.000000] RAMDISK: [mem 0x362de000-0x37166fff]
[    0.000000] ACPI: Early table checksum verification disabled
[    0.000000] ACPI: RSDP 0x00000000000E0000 000024 (v02 VBOX  )
[    0.000000] ACPI: XSDT 0x000000003FFF0030 00003C (v01 VBOX   VBOXXSDT 00000001 ASL  00000061)
[    0.000000] ACPI: FACP 0x000000003FFF00F0 0000F4 (v04 VBOX   VBOXFACP 00000001 ASL  00000061)
[    0.000000] ACPI: DSDT 0x000000003FFF0470 002325 (v02 VBOX   VBOXBIOS 00000002 INTL 20100528)
[    0.000000] ACPI: FACS 0x000000003FFF0200 000040
[    0.000000] ACPI: FACS 0x000000003FFF0200 000040
[    0.000000] ACPI: APIC 0x000000003FFF0240 00005C (v02 VBOX   VBOXAPIC 00000001 ASL  00000061)
[    0.000000] ACPI: SSDT 0x000000003FFF02A0 0001CC (v01 VBOX   VBOXCPUT 00000002 INTL 20100528)
[    0.000000] No NUMA configuration found
[    0.000000] Faking a node at [mem 0x0000000000000000-0x000000003ffeffff]
[    0.000000] NODE_DATA(0) allocated [mem 0x3ffeb000-0x3ffeffff]
[    0.000000] kvm-clock: Using msrs 4b564d01 and 4b564d00
[    0.000000] kvm-clock: cpu 0, msr 0:3ffe3001, primary cpu clock
[    0.000000] kvm-clock: using sched offset of 6556715207 cycles
[    0.000000] clocksource: kvm-clock: mask: 0xffffffffffffffff max_cycles: 0x1cd42e4dffb, max_idle_ns: 881590591483 ns
[    0.000000] Zone ranges:
[    0.000000]   DMA      [mem 0x0000000000001000-0x0000000000ffffff]
[    0.000000]   DMA32    [mem 0x0000000001000000-0x000000003ffeffff]
[    0.000000]   Normal   empty
[    0.000000]   Device   empty
[    0.000000] Movable zone start for each node
[    0.000000] Early memory node ranges
[    0.000000]   node   0: [mem 0x0000000000001000-0x000000000009efff]
[    0.000000]   node   0: [mem 0x0000000000100000-0x000000003ffeffff]
[    0.000000] Initmem setup node 0 [mem 0x0000000000001000-0x000000003ffeffff]
[    0.000000] ACPI: PM-Timer IO Port: 0x4008
[    0.000000] IOAPIC[0]: apic_id 2, version 32, address 0xfec00000, GSI 0-23
[    0.000000] ACPI: INT_SRC_OVR (bus 0 bus_irq 0 global_irq 2 dfl dfl)
[    0.000000] ACPI: INT_SRC_OVR (bus 0 bus_irq 9 global_irq 9 low level)
[    0.000000] Using ACPI (MADT) for SMP configuration information
[    0.000000] smpboot: Allowing 2 CPUs, 0 hotplug CPUs
[    0.000000] PM: Registered nosave memory: [mem 0x00000000-0x00000fff]
[    0.000000] PM: Registered nosave memory: [mem 0x0009f000-0x0009ffff]
[    0.000000] PM: Registered nosave memory: [mem 0x000a0000-0x000effff]
[    0.000000] PM: Registered nosave memory: [mem 0x000f0000-0x000fffff]
[    0.000000] e820: [mem 0x40000000-0xfebfffff] available for PCI devices
[    0.000000] Booting paravirtualized kernel on KVM
[    0.000000] clocksource: refined-jiffies: mask: 0xffffffff max_cycles: 0xffffffff, max_idle_ns: 7645519600211568 ns
[    0.000000] setup_percpu: NR_CPUS:512 nr_cpumask_bits:512 nr_cpu_ids:2 nr_node_ids:1
[    0.000000] PERCPU: Embedded 33 pages/cpu @ffff88003fc00000 s95448 r8192 d31528 u1048576
[    0.000000] Built 1 zonelists in Node order, mobility grouping on.  Total pages: 257912
[    0.000000] Policy zone: DMA32
[    0.000000] Kernel command line: BOOT_IMAGE=/boot/vmlinuz-4.4.0-184-generic root=LABEL=cloudimg-rootfs ro console=tty1 console=ttyS0
[    0.000000] PID hash table entries: 4096 (order: 3, 32768 bytes)
[    0.000000] Memory: 997664K/1048120K available (8632K kernel code, 1336K rwdata, 4036K rodata, 1492K init, 1292K bss, 50456K reserved, 0K cma-reserved)
[    0.000000] SLUB: HWalign=64, Order=0-3, MinObjects=0, CPUs=2, Nodes=1
[    0.000000] Kernel/User page tables isolation: enabled
[    0.000000] Hierarchical RCU implementation.
[    0.000000] 	Build-time adjustment of leaf fanout to 64.
[    0.000000] 	RCU restricting CPUs from NR_CPUS=512 to nr_cpu_ids=2.
[    0.000000] RCU: Adjusting geometry for rcu_fanout_leaf=64, nr_cpu_ids=2
[    0.000000] NR_IRQS:33024 nr_irqs:440 16
[    0.000000] Console: colour VGA+ 80x25
[    0.000000] console [tty1] enabled
[    0.000000] console [ttyS0] enabled
[    0.000000] tsc: Detected 2394.458 MHz processor
[    0.473733] Calibrating delay loop (skipped) preset value.. 4788.91 BogoMIPS (lpj=9577832)
[    0.477791] pid_max: default: 32768 minimum: 301
[    0.479950] ACPI: Core revision 20150930
[    0.487050] ACPI: 2 ACPI AML tables successfully acquired and loaded
[    0.490251] Security Framework initialized
[    0.492280] Yama: becoming mindful.
[    0.494405] AppArmor: AppArmor initialized
[    0.496619] Dentry cache hash table entries: 131072 (order: 8, 1048576 bytes)
[    0.505534] Inode-cache hash table entries: 65536 (order: 7, 524288 bytes)
[    0.508781] Mount-cache hash table entries: 2048 (order: 2, 16384 bytes)
[    0.511573] Mountpoint-cache hash table entries: 2048 (order: 2, 16384 bytes)
[    0.515404] Initializing cgroup subsys io
[    0.518203] Initializing cgroup subsys memory
[    0.521018] Initializing cgroup subsys devices
[    0.523631] Initializing cgroup subsys freezer
[    0.527059] Initializing cgroup subsys net_cls
[    0.529934] Initializing cgroup subsys perf_event
[    0.535772] Initializing cgroup subsys net_prio
[    0.538730] Initializing cgroup subsys hugetlb
[    0.542158] Initializing cgroup subsys pids
[    0.545796] mce: CPU supports 0 MCE banks
[    0.549666] Last level iTLB entries: 4KB 64, 2MB 8, 4MB 8
[    0.553391] Last level dTLB entries: 4KB 64, 2MB 0, 4MB 0, 1GB 4
[    0.555941] Spectre V1 : Mitigation: usercopy/swapgs barriers and __user pointer sanitization
[    0.560327] Spectre V2 : Mitigation: Full generic retpoline
[    0.562772] Spectre V2 : Spectre v2 / SpectreRSB mitigation: Filling RSB on context switch
[    0.569711] Speculative Store Bypass: Vulnerable
[    0.572151] SRBDS: Unknown: Dependent on hypervisor status
[    0.575253] MDS: Vulnerable: Clear CPU buffers attempted, no microcode
[    0.585501] Freeing SMP alternatives memory: 36K
[    0.601790] ftrace: allocating 32319 entries in 127 pages
[    0.758852] smpboot: APIC(0) Converting physical 0 to logical package 0
[    0.761636] smpboot: Max logical packages: 1
[    0.767409] x2apic enabled
[    0.770145] Switched APIC routing to physical x2apic.
[    0.776619] ..TIMER: vector=0x30 apic1=0 pin1=2 apic2=-1 pin2=-1
[    0.887446] smpboot: CPU0: Intel(R) Core(TM) i7-5500U CPU @ 2.40GHz (family: 0x6, model: 0x3d, stepping: 0x4)
[    0.893463] Performance Events: unsupported p6 CPU model 61 no PMU driver, software events only.
[    0.927815] KVM setup paravirtual spinlock
[    0.936362] x86: Booting SMP configuration:
[    0.939122] .... node  #0, CPUs:      #1
[    0.942725] kvm-clock: cpu 1, msr 0:3ffe3041, secondary cpu clock
[    0.946086] mce: CPU supports 0 MCE banks
[    0.951170] x86: Booted up 1 node, 2 CPUs
[    0.955240] smpboot: Total of 2 processors activated (9577.83 BogoMIPS)
[    0.960213] devtmpfs: initialized
[    0.981570] evm: security.selinux
[    0.986667] evm: security.SMACK64
[    0.989141] evm: security.SMACK64EXEC
[    0.992227] evm: security.SMACK64TRANSMUTE
[    0.994784] evm: security.SMACK64MMAP
[    0.997554] evm: security.ima
[    1.000388] evm: security.capability
[    1.004031] clocksource: jiffies: mask: 0xffffffff max_cycles: 0xffffffff, max_idle_ns: 7645041785100000 ns
[    1.009929] futex hash table entries: 512 (order: 3, 32768 bytes)
[    1.015241] pinctrl core: initialized pinctrl subsystem
[    1.018532] RTC time: 12:06:29, date: 06/30/20
[    1.024144] NET: Registered protocol family 16
[    1.037987] cpuidle: using governor ladder
[    1.054524] cpuidle: using governor menu
[    1.056822] PCCT header not found.
[    1.058777] ACPI: bus type PCI registered
[    1.060714] acpiphp: ACPI Hot Plug PCI Controller Driver version: 0.5
[    1.066000] PCI: Using configuration type 1 for base access
[    1.087081] ACPI: Added _OSI(Module Device)
[    1.089270] ACPI: Added _OSI(Processor Device)
[    1.091468] ACPI: Added _OSI(3.0 _SCP Extensions)
[    1.093669] ACPI: Added _OSI(Processor Aggregator Device)
[    1.098576] ACPI: Executed 1 blocks of module-level executable AML code
[    1.109861] ACPI: Interpreter enabled
[    1.111689] ACPI: (supports S0 S5)
[    1.114127] ACPI: Using IOAPIC for interrupt routing
[    1.118706] PCI: Using host bridge windows from ACPI; if necessary, use "pci=nocrs" and report a bug
[    1.140029] ACPI: PCI Root Bridge [PCI0] (domain 0000 [bus 00-ff])
[    1.145105] acpi PNP0A03:00: _OSC: OS supports [ASPM ClockPM Segments MSI]
[    1.153176] acpi PNP0A03:00: _OSC: not requesting OS control; OS requires [ExtendedConfig ASPM ClockPM MSI]
[    1.158022] acpi PNP0A03:00: fail to add MMCONFIG information, can't access extended PCI configuration space under this bridge.
[    1.165082] PCI host bridge to bus 0000:00
[    1.168164] pci_bus 0000:00: root bus resource [io  0x0000-0x0cf7 window]
[    1.171590] pci_bus 0000:00: root bus resource [io  0x0d00-0xffff window]
[    1.175018] pci_bus 0000:00: root bus resource [mem 0x000a0000-0x000bffff window]
[    1.178735] pci_bus 0000:00: root bus resource [mem 0x40000000-0xfdffffff window]
[    1.184750] pci_bus 0000:00: root bus resource [bus 00-ff]
[    1.191500] pci 0000:00:01.1: legacy IDE quirk: reg 0x10: [io  0x01f0-0x01f7]
[    1.194442] pci 0000:00:01.1: legacy IDE quirk: reg 0x14: [io  0x03f6]
[    1.198264] pci 0000:00:01.1: legacy IDE quirk: reg 0x18: [io  0x0170-0x0177]
[    1.235616] pci 0000:00:01.1: legacy IDE quirk: reg 0x1c: [io  0x0376]
[    1.270590] pci 0000:00:07.0: quirk: [io  0x4000-0x403f] claimed by PIIX4 ACPI
[    1.275239] pci 0000:00:07.0: quirk: [io  0x4100-0x410f] claimed by PIIX4 SMB
[    1.304180] ACPI: PCI Interrupt Link [LNKA] (IRQs 5 9 10 *11)
[    1.308726] ACPI: PCI Interrupt Link [LNKB] (IRQs 5 9 *10 11)
[    1.312960] ACPI: PCI Interrupt Link [LNKC] (IRQs 5 *9 10 11)
[    1.317163] ACPI: PCI Interrupt Link [LNKD] (IRQs 5 9 10 *11)
[    1.321294] ACPI: Enabled 2 GPEs in block 00 to 07
[    1.324871] vgaarb: setting as boot device: PCI:0000:00:02.0
[    1.327528] vgaarb: device added: PCI:0000:00:02.0,decodes=io+mem,owns=io+mem,locks=none
[    1.331561] vgaarb: loaded
[    1.333588] vgaarb: bridge control possible 0000:00:02.0
[    1.337384] SCSI subsystem initialized
[    1.340260] ACPI: bus type USB registered
[    1.342790] usbcore: registered new interface driver usbfs
[    1.346091] usbcore: registered new interface driver hub
[    1.349782] usbcore: registered new device driver usb
[    1.353071] PCI: Using ACPI for IRQ routing
[    1.360781] NetLabel: Initializing
[    1.362520] NetLabel:  domain hash size = 128
[    1.365220] NetLabel:  protocols = UNLABELED CIPSOv4
[    1.367436] NetLabel:  unlabeled traffic allowed by default
[    1.370349] amd_nb: Cannot enumerate AMD northbridges
[    1.372808] clocksource: Switched to clocksource kvm-clock
[    1.402238] AppArmor: AppArmor Filesystem Enabled
[    1.404582] pnp: PnP ACPI init
[    1.408111] pnp: PnP ACPI: found 3 devices
[    1.422342] clocksource: acpi_pm: mask: 0xffffff max_cycles: 0xffffff, max_idle_ns: 2085701024 ns
[    1.426968] NET: Registered protocol family 2
[    1.429610] TCP established hash table entries: 8192 (order: 4, 65536 bytes)
[    1.433326] TCP bind hash table entries: 8192 (order: 5, 131072 bytes)
[    1.436236] TCP: Hash tables configured (established 8192 bind 8192)
[    1.438922] UDP hash table entries: 512 (order: 2, 16384 bytes)
[    1.441391] UDP-Lite hash table entries: 512 (order: 2, 16384 bytes)
[    1.444192] NET: Registered protocol family 1
[    1.446257] pci 0000:00:00.0: Limiting direct PCI/PCI transfers
[    1.449225] pci 0000:00:01.0: Activating ISA DMA hang workarounds
[    1.452020] Unpacking initramfs...
[    2.048558] Freeing initrd memory: 14884K
[    2.050868] RAPL PMU detected, API unit is 2^-32 Joules, 4 fixed counters 10737418240 ms ovfl timer
[    2.055857] hw unit of domain pp0-core 2^-0 Joules
[    2.058083] hw unit of domain package 2^-0 Joules
[    2.060175] hw unit of domain dram 2^-0 Joules
[    2.062279] hw unit of domain pp1-gpu 2^-0 Joules
[    2.064745] clocksource: tsc: mask: 0xffffffffffffffff max_cycles: 0x2283c44026a, max_idle_ns: 440795260713 ns
[    2.069749] platform rtc_cmos: registered platform RTC device (no PNP device found)
[    2.073722] Scanning for low memory corruption every 60 seconds
[    2.077032] audit: initializing netlink subsys (disabled)
[    2.079505] audit: type=2000 audit(1593518798.052:1): initialized
[    2.082646] Initialise system trusted keyring
[    2.085044] HugeTLB registered 2 MB page size, pre-allocated 0 pages
[    2.091288] zbud: loaded
[    2.093491] VFS: Disk quotas dquot_6.6.0
[    2.095447] VFS: Dquot-cache hash table entries: 512 (order 0, 4096 bytes)
[    2.098890] squashfs: version 4.0 (2009/01/31) Phillip Lougher
[    2.101950] fuse init (API version 7.23)
[    2.104269] Key type big_key registered
[    2.106326] Allocating IMA MOK and blacklist keyrings.
[    2.110911] Key type asymmetric registered
[    2.112936] Asymmetric key parser 'x509' registered
[    2.115669] Block layer SCSI generic (bsg) driver version 0.4 loaded (major 249)
[    2.119462] io scheduler noop registered
[    2.121365] io scheduler deadline registered (default)
[    2.123760] io scheduler cfq registered
[    2.126406] pci_hotplug: PCI Hot Plug PCI Core version: 0.5
[    2.129414] pciehp: PCI Express Hot Plug Controller Driver version: 0.4
[    2.132901] ACPI: AC Adapter [AC] (on-line)
[    2.135125] input: Power Button as /devices/LNXSYSTM:00/LNXPWRBN:00/input/input0
[    2.138706] ACPI: Power Button [PWRF]
[    2.140777] input: Sleep Button as /devices/LNXSYSTM:00/LNXSLPBN:00/input/input1
[    2.144697] ACPI: Sleep Button [SLPF]
[    2.147403] GHES: HEST is not enabled!
[    2.149507] ACPI: Battery Slot [BAT0] (battery present)
[    2.154054] Serial: 8250/16550 driver, 32 ports, IRQ sharing enabled
[    2.180105] 00:02: ttyS0 at I/O 0x3f8 (irq = 4, base_baud = 115200) is a 16550A
[    2.189889] Linux agpgart interface v0.103
[    2.195378] loop: module loaded
[    2.198800] scsi host0: ata_piix
[    2.201075] scsi host1: ata_piix
[    2.202807] ata1: PATA max UDMA/33 cmd 0x1f0 ctl 0x3f6 bmdma 0xd000 irq 14
[    2.205827] ata2: PATA max UDMA/33 cmd 0x170 ctl 0x376 bmdma 0xd008 irq 15
[    2.208912] libphy: Fixed MDIO Bus: probed
[    2.210950] tun: Universal TUN/TAP device driver, 1.6
[    2.213597] tun: (C) 1999-2004 Max Krasnyansky <maxk@qualcomm.com>
[    2.217527] PPP generic driver version 2.4.2
[    2.220041] ehci_hcd: USB 2.0 'Enhanced' Host Controller (EHCI) Driver
[    2.223672] ehci-pci: EHCI PCI platform driver
[    2.226380] ehci-platform: EHCI generic platform driver
[    2.229263] ohci_hcd: USB 1.1 'Open' Host Controller (OHCI) Driver
[    2.232828] ohci-pci: OHCI PCI platform driver
[    2.235580] ohci-platform: OHCI generic platform driver
[    2.239916] uhci_hcd: USB Universal Host Controller Interface driver
[    2.243687] i8042: PNP: PS/2 Controller [PNP0303:PS2K,PNP0f03:PS2M] at 0x60,0x64 irq 1,12
[    2.250623] serio: i8042 KBD port at 0x60,0x64 irq 1
[    2.253285] serio: i8042 AUX port at 0x60,0x64 irq 12
[    2.256042] mousedev: PS/2 mouse device common for all mice
[    2.259087] input: AT Translated Set 2 keyboard as /devices/platform/i8042/serio0/input/input2
[    2.264575] rtc_cmos rtc_cmos: rtc core: registered rtc_cmos as rtc0
[    2.268137] rtc_cmos rtc_cmos: alarms up to one day, 114 bytes nvram
[    2.271665] i2c /dev entries driver
[    2.273576] device-mapper: uevent: version 1.0.3
[    2.276036] device-mapper: ioctl: 4.34.0-ioctl (2015-10-28) initialised: dm-devel@redhat.com
[    2.280734] ledtrig-cpu: registered to indicate activity on CPUs
[    2.284595] NET: Registered protocol family 10
[    2.287342] NET: Registered protocol family 17
[    2.289417] Key type dns_resolver registered
[    2.292146] registered taskstats version 1
[    2.294681] Loading compiled-in X.509 certificates
[    2.298582] Loaded X.509 cert 'Build time autogenerated kernel key: b6ae09eed57f82583ccd3c65c463e852cdd7a0b5'
[    2.304071] zswap: loaded using pool lzo/zbud
[    2.309480] Key type trusted registered
[    2.317743] Key type encrypted registered
[    2.319678] AppArmor: AppArmor sha1 policy hashing enabled
[    2.322151] ima: No TPM chip found, activating TPM-bypass!
[    2.324867] ima: Allocated hash algorithm: sha1
[    2.327385] evm: HMAC attrs: 0x1
[    2.329673]   Magic number: 8:591:128
[    2.332056] acpi device:03: hash matches
[    2.334874] acpi PNP0C02:00: hash matches
[    2.337280] rtc_cmos rtc_cmos: setting system clock to 2020-06-30 12:06:30 UTC (1593518790)
[    2.341548] BIOS EDD facility v0.16 2004-Jun-25, 0 devices found
[    2.344108] EDD information not available.
[    2.399411] Freeing unused kernel memory: 1492K
[    2.402116] Write protecting the kernel read-only data: 14336k
[    2.407060] Freeing unused kernel memory: 1596K
[    2.410391] Freeing unused kernel memory: 60K
Loading, please wait...
starting version 229
[    2.441968] random: systemd-udevd: uninitialized urandom read (16 bytes read, 5 bits of entropy available)
[    2.443549] random: udevadm: uninitialized urandom read (16 bytes read, 5 bits of entropy available)
[    2.443600] random: udevadm: uninitialized urandom read (16 bytes read, 5 bits of entropy available)
[    2.462957] random: systemd-udevd: uninitialized urandom read (16 bytes read, 5 bits of entropy available)
[    2.470405] random: systemd-udevd: uninitialized urandom read (16 bytes read, 5 bits of entropy available)
[    2.470907] random: udevadm: uninitialized urandom read (16 bytes read, 5 bits of entropy available)
[    2.471050] random: udevadm: uninitialized urandom read (16 bytes read, 5 bits of entropy available)
[    2.471796] random: udevadm: uninitialized urandom read (16 bytes read, 5 bits of entropy available)
[    2.471940] random: udevadm: uninitialized urandom read (16 bytes read, 5 bits of entropy available)
[    2.472082] random: udevadm: uninitialized urandom read (16 bytes read, 5 bits of entropy available)
[    2.578651] e1000: Intel(R) PRO/1000 Network Driver - version 7.3.21-k8-NAPI
[    2.583663] e1000: Copyright (c) 1999-2006 Intel Corporation.
[    2.590157] Fusion MPT base driver 3.04.20
[    2.592173] Copyright (c) 1999-2008 LSI Corporation
[    2.627565] Fusion MPT SPI Host driver 3.04.20
[    2.639813] AVX2 version of gcm_enc/dec engaged.
[    2.643652] AES CTR mode by8 optimization enabled
[    2.804043] input: ImExPS/2 Generic Explorer Mouse as /devices/platform/i8042/serio1/input/input4
[    3.092619] e1000 0000:00:03.0 eth0: (PCI:33MHz:32-bit) 02:89:fa:04:16:8f
[    3.095584] e1000 0000:00:03.0 eth0: Intel(R) PRO/1000 Network Connection
[    3.100272] mptbase: ioc0: Initiating bringup
[    3.171749] ioc0: LSI53C1030 A0: Capabilities={Initiator}
[    3.351041] scsi host2: ioc0: LSI53C1030 A0, FwRev=00000000h, Ports=1, MaxQ=256, IRQ=20
[    3.482788] scsi 2:0:0:0: Direct-Access     VBOX     HARDDISK         1.0  PQ: 0 ANSI: 5
[    3.495028] scsi target2:0:0: Beginning Domain Validation
[    3.506041] scsi target2:0:0: Domain Validation skipping write tests
[    3.562534] scsi target2:0:0: Ending Domain Validation
[    3.568422] scsi target2:0:0: asynchronous
[    3.577111] scsi 2:0:1:0: Direct-Access     VBOX     HARDDISK         1.0  PQ: 0 ANSI: 5
[    3.582393] scsi target2:0:1: Beginning Domain Validation
[    3.587893] scsi target2:0:1: Domain Validation skipping write tests
[    3.591683] scsi target2:0:1: Ending Domain Validation
[    3.595133] scsi target2:0:1: asynchronous
[    3.611143] sd 2:0:0:0: Attached scsi generic sg0 type 0
[    3.615502] sd 2:0:1:0: Attached scsi generic sg1 type 0
[    3.619521] sd 2:0:0:0: [sda] 20971520 512-byte logical blocks: (10.7 GB/10.0 GiB)
[    3.624574] sd 2:0:1:0: [sdb] 20480 512-byte logical blocks: (10.5 MB/10.0 MiB)
[    3.629638] sd 2:0:0:0: [sda] Write Protect is off
[    3.633142] sd 2:0:0:0: [sda] Incomplete mode parameter data
[    3.637248] sd 2:0:0:0: [sda] Assuming drive cache: write through
[    3.641117] sd 2:0:1:0: [sdb] Write Protect is off
[    3.644271] sd 2:0:1:0: [sdb] Incomplete mode parameter data
[    3.647659] sd 2:0:1:0: [sdb] Assuming drive cache: write through
[    3.658721]  sda: sda1
[    3.661842] sd 2:0:0:0: [sda] Attached SCSI disk
[    3.682267] sd 2:0:1:0: [sdb] Attached SCSI disk
[    3.991227] e1000 0000:00:08.0 eth1: (PCI:33MHz:32-bit) 08:00:27:fb:2f:b0
[    3.994607] e1000 0000:00:08.0 eth1: Intel(R) PRO/1000 Network Connection
[    4.002657] e1000 0000:00:08.0 enp0s8: renamed from eth1
[    4.021323] e1000 0000:00:03.0 enp0s3: renamed from eth0
Begin: Loading essential drivers ... [    6.090292] md: linear personality registered for level -1
[    6.097876] md: multipath personality registered for level -4
[    6.104943] md: raid0 personality registered for level 0
[    6.114813] md: raid1 personality registered for level 1
[    6.189573] raid6: sse2x1   gen()  2079 MB/s
[    6.256922] raid6: sse2x1   xor()  1438 MB/s
[    6.325314] raid6: sse2x2   gen()  3984 MB/s
[    6.393571] raid6: sse2x2   xor()  2544 MB/s
[    6.460945] raid6: sse2x4   gen()  6083 MB/s
[    6.530252] raid6: sse2x4   xor()  3617 MB/s
[    6.597663] raid6: avx2x1   gen()  4972 MB/s
[    6.665024] raid6: avx2x2   gen()  9130 MB/s
[    6.733321] raid6: avx2x4   gen() 11866 MB/s
[    6.735664] raid6: using algorithm avx2x4 gen() 11866 MB/s
[    6.738506] raid6: using avx2x2 recovery algorithm
[    6.743541] xor: automatically using best checksumming function:
[    6.784866]    avx       : 14270.000 MB/sec
[    6.789376] async_tx: api initialized (async)
[    6.809215] md: raid6 personality registered for level 6
[    6.812177] md: raid5 personality registered for level 5
[    6.815388] md: raid4 personality registered for level 4
[    6.830515] md: raid10 personality registered for level 10
done.
Begin: Running /scripts/init-premount ... done.
Begin: Mounting root file system ... Begin: Running /scripts/local-top ... done.
Begin: Running /scripts/local-premount ... [    6.901277] Btrfs loaded
Scanning for Btrfs filesystems
done.
Warning: fsck not present, so skipping root file system
[    7.056503] EXT4-fs (sda1): mounted filesystem with ordered data mode. Opts: (null)
done.
Begin: Running /scripts/local-bottom ... done.
Begin: Running /scripts/init-bottom ... done.
[    7.722154] random: nonblocking pool is initialized
[    8.193331] systemd[1]: systemd 229 running in system mode. (+PAM +AUDIT +SELINUX +IMA +APPARMOR +SMACK +SYSVINIT +UTMP +LIBCRYPTSETUP +GCRYPT +GNUTLS +ACL +XZ -LZ4 +SECCOMP +BLKID +ELFUTILS +KMOD -IDN)
[    8.202995] systemd[1]: Detected virtualization oracle.
[    8.205896] systemd[1]: Detected architecture x86-64.

Welcome to [1mUbuntu 16.04.6 LTS[0m!

[    8.264320] systemd[1]: Set hostname to <ubuntu>.
[    8.323360] systemd[1]: Initializing machine ID from random generator.
[    8.327156] systemd[1]: Installed transient /etc/machine-id file.
[    9.710461] systemd[1]: Started Forward Password Requests to Wall Directory Watch.
[[0;32m  OK  [0m] Started Forward Password Requests to Wall Directory Watch.
[    9.716920] systemd[1]: Created slice System Slice.
[[0;32m  OK  [0m] Created slice System Slice.
[    9.721383] systemd[1]: Set up automount Arbitrary Executable File Formats File System Automount Point.
[[0;32m  OK  [0m] Set up automount Arbitrary Executab...ats File System Automount Point.
[    9.728124] systemd[1]: Reached target User and Group Name Lookups.
[[0;32m  OK  [0m] Reached target User and Group Name Lookups.
[    9.732730] systemd[1]: Reached target Swap.
[[0;32m  OK  [0m] Reached target Swap.
[    9.736747] systemd[1]: Listening on udev Control Socket.
[[0;32m  OK  [0m] Listening on udev Control Socket.
[    9.741510] systemd[1]: Created slice User and Session Slice.
[[0;32m  OK  [0m] Created slice User and Session Slice.
[    9.745854] systemd[1]: Reached target Slices.
[[0;32m  OK  [0m] Reached target Slices.
[    9.749568] systemd[1]: Listening on /dev/initctl Compatibility Named Pipe.
[[0;32m  OK  [0m] Listening on /dev/initctl Compatibility Named Pipe.
[    9.754637] systemd[1]: Listening on LVM2 poll daemon socket.
[[0;32m  OK  [0m] Listening on LVM2 poll daemon socket.
[    9.759008] systemd[1]: Listening on Journal Socket (/dev/log).
[[0;32m  OK  [0m] Listening on Journal Socket (/dev/log).
[    9.764064] systemd[1]: Created slice system-serial\x2dgetty.slice.
[[0;32m  OK  [0m] Created slice system-serial\x2dgetty.slice.
[    9.768627] systemd[1]: Listening on Journal Audit Socket.
[[0;32m  OK  [0m] Listening on Journal Audit Socket.
[    9.773697] systemd[1]: Started Trigger resolvconf update for networkd DNS.
[[0;32m  OK  [0m] Started Trigger resolvconf update for networkd DNS.
[    9.778759] systemd[1]: Listening on Device-mapper event daemon FIFOs.
[[0;32m  OK  [0m] Listening on Device-mapper event daemon FIFOs.
[    9.783183] systemd[1]: Listening on Syslog Socket.
[[0;32m  OK  [0m] Listening on Syslog Socket.
[    9.787251] systemd[1]: Listening on LVM2 metadata daemon socket.
[[0;32m  OK  [0m] Listening on LVM2 metadata daemon socket.
[    9.792725] systemd[1]: Listening on udev Kernel Socket.
[[0;32m  OK  [0m] Listening on udev Kernel Socket.
[    9.797970] systemd[1]: Listening on Journal Socket.
[[0;32m  OK  [0m] Listening on Journal Socket.
[    9.813794] systemd[1]: Starting Monitoring of LVM2 mirrors, snapshots etc. using dmeventd or progress polling...
         Starting Monitoring of LVM2 mirrors... dmeventd or progress polling...
[    9.822526] systemd[1]: Starting Uncomplicated firewall...
         Starting Uncomplicated firewall...
[    9.828952] systemd[1]: Starting Remount Root and Kernel File Systems...
         Starting Remount Root and Kernel File Systems...
[    9.835514] systemd[1]: Starting Nameserver information manager...
         Starting Nameserver information manager...
[    9.841900] systemd[1]: Mounting POSIX Message Queue File System...
         Mounting POSIX Message Queue File System...
[    9.914744] EXT4-fs (sda1): re-mounted. Opts: (null)
[    9.922275] systemd[1]: Starting Load Kernel Modules...
         Starting Load Kernel Modules...
[    9.928025] systemd[1]: Mounting Huge Pages File System...
         Mounting Huge Pages File System...
[    9.934009] systemd[1]: Starting Set console keymap...
         Starting Set console keymap...
[    9.939546] systemd[1]: Starting Journal Service...
         Starting Journal Service...
[    9.946578] systemd[1]: Mounting Debug File System...
         Mounting Debug File System...
[    9.952781] systemd[1]: Starting Create list of required static device nodes for the current kernel...
         Starting Create list of required st... nodes for the current kernel...
[    9.960980] systemd[1]: Reached target Encrypted Volumes.
[[0;32m  OK  [0m] Reached target Encrypted Volumes.
[    9.966269] systemd[1]: Reached target System Time Synchronized.
[[0;32m  OK  [0m] Reached target System Time Synchronized.
[   10.099513] systemd[1]: Mounted Huge Pages File System.
[[0;32m  OK  [0m] Mounted Huge Pages File System.
[   10.104312] systemd[1]: Mounted POSIX Message Queue File System.
[[0;32m  OK  [0m] Mounted POSIX Message Queue File System.
[   10.110125] systemd[1]: Mounted Debug File System.
[[0;32m  OK  [0m] Mounted Debug File System.
[   10.121501] systemd[1]: Started Uncomplicated firewall.
[[0;32m  OK  [0m] Started Uncomplicated firewall.
[   10.128538] systemd[1]: Started Remount Root and Kernel File Systems.
[[0;32m  OK  [0m] Started Remount Root and Kernel File Systems.
[   10.150544] systemd[1]: Started Create list of required static device nodes for the current kernel.
[[0;32m  OK  [0m] Started Create list of required sta...ce nodes for the current kernel.
[   10.164845] systemd[1]: Starting Create Static Device Nodes in /dev...
         Starting Create Static Device Nodes in /dev...
[   10.173177] systemd[1]: Starting Load/Save Random Seed...
         Starting Load/Save Random Seed...
[   10.181415] Loading iSCSI transport class v2.0-870.
[   10.274005] systemd[1]: Starting udev Coldplug all Devices...
         Starting udev Coldplug all Devices...
[   10.281142] systemd[1]: Started Nameserver information manager.
[[0;32m  OK  [0m] Started Nameserver information manager.
[   10.288407] systemd[1]: Started Load/Save Random Seed.
[[0;32m  OK  [0m] Started Load/Save Random Seed.
[   10.297933] systemd[1]: Started LVM2 metadata daemon.
[[0;32m  OK  [0m] Started LVM2 metadata daemon.
[   10.308385] iscsi: registered transport (tcp)
[   10.388368] systemd[1]: Started Journal Service.
[[0;32m  OK  [0m] Started Journal Service.
         Starting Flush Journal to Persistent Storage...
[   10.541280] systemd-journald[393]: Received request to flush runtime journal from PID 1
[[0;32m  OK  [0m] Started Flush Journal to Persistent Storage.
[[0;32m  OK  [0m] Started udev Coldplug all Devices.
[[0;32m  OK  [0m] Started Set console keymap.
[   10.725777] iscsi: registered transport (iser)
[[0;32m  OK  [0m] Started Load Kernel Modules.
         Starting Apply Kernel Variables...
         Mounting FUSE Control File System...
[[0;32m  OK  [0m] Mounted FUSE Control File System.
[[0;32m  OK  [0m] Started Monitoring of LVM2 mirrors,...ng dmeventd or progress polling.
[[0;32m  OK  [0m] Started Apply Kernel Variables.
[[0;32m  OK  [0m] Started Create Static Device Nodes in /dev.
         Starting udev Kernel Device Manager...
[[0;32m  OK  [0m] Reached target Local File Systems (Pre).
[[0;32m  OK  [0m] Reached target Local File Systems.
         Starting Tell Plymouth To Write Out Runtime Data...
         Starting Commit a transient machine-id on disk...
         Starting LSB: AppArmor initialization...
         Starting Set console font and keymap...
         Starting Initial cloud-init job (pre-networking)...
         Starting Create Volatile Files and Directories...
[[0;32m  OK  [0m] Started Commit a transient machine-id on disk.
[[0;32m  OK  [0m] Started Tell Plymouth To Write Out Runtime Data.
[[0;32m  OK  [0m] Started Create Volatile Files and Directories.
         Starting Update UTMP about System Boot/Shutdown...
[[0;32m  OK  [0m] Started Update UTMP about System Boot/Shutdown.
[[0;32m  OK  [0m] Started Set console font and keymap.
[[0;32m  OK  [0m] Created slice system-getty.slice.
[[0;32m  OK  [0m] Started udev Kernel Device Manager.
[[0;32m  OK  [0m] Started Dispatch Password Requests to Console Directory Watch.
[[0;32m  OK  [0m] Found device /dev/ttyS0.
[[0;32m  OK  [0m] Listening on Load/Save RF Kill Switch Status /dev/rfkill Watch.
[[0;32m  OK  [0m] Started LSB: AppArmor initialization.
[   18.915233] cloud-init[476]: Cloud-init v. 19.4-33-gbb4131a2-0ubuntu1~16.04.1 running 'init-local' at Tue, 30 Jun 2020 12:06:46 +0000. Up 17.97 seconds.
[[0;32m  OK  [0m] Started Initial cloud-init job (pre-networking).
[[0;32m  OK  [0m] Reached target Network (Pre).
         Starting Raise network interfaces...
[[0;32m  OK  [0m] Started Raise network interfaces.
[[0;32m  OK  [0m] Reached target Network.
         Starting Initial cloud-init job (metadata service crawler)...
[   23.017196] cloud-init[963]: Cloud-init v. 19.4-33-gbb4131a2-0ubuntu1~16.04.1 running 'init' at Tue, 30 Jun 2020 12:06:49 +0000. Up 20.39 seconds.
[   23.023712] cloud-init[963]: ci-info: ++++++++++++++++++++++++++++++++++++++Net device info+++++++++++++++++++++++++++++++++++++++
[   23.029046] cloud-init[963]: ci-info: +--------+-------+----------------------------+---------------+--------+-------------------+
[   23.033861] cloud-init[963]: ci-info: | Device |   Up  |          Address           |      Mask     | Scope  |     Hw-Address    |
[   23.038616] cloud-init[963]: ci-info: +--------+-------+----------------------------+---------------+--------+-------------------+
[   23.044466] cloud-init[963]: ci-info: | enp0s3 |  True |         10.0.2.15          | 255.255.255.0 | global | 02:89:fa:04:16:8f |
[   23.050971] cloud-init[963]: ci-info: | enp0s3 |  True | fe80::89:faff:fe04:168f/64 |       .       |  link  | 02:89:fa:04:16:8f |
[   23.056189] cloud-init[963]: ci-info: | enp0s8 | False |             .              |       .       |   .    | 08:00:27:fb:2f:b0 |
[   23.061830] cloud-init[963]: ci-info: |   lo   |  True |         127.0.0.1          |   255.0.0.0   |  host  |         .         |
[   23.066678] cloud-init[963]: ci-info: |   lo   |  True |          ::1/128           |       .       |  host  |         .         |
[   23.071770] cloud-init[963]: ci-info: +--------+-------+----------------------------+---------------+--------+-------------------+
[   23.077213] cloud-init[963]: ci-info: +++++++++++++++++++++++++++Route IPv4 info++++++++++++++++++++++++++++
[   23.081248] cloud-init[963]: ci-info: +-------+-------------+----------+---------------+-----------+-------+
[   23.085333] cloud-init[963]: ci-info: | Route | Destination | Gateway  |    Genmask    | Interface | Flags |
[   23.089713] cloud-init[963]: ci-info: +-------+-------------+----------+---------------+-----------+-------+
[   23.094385] cloud-init[963]: ci-info: |   0   |   0.0.0.0   | 10.0.2.2 |    0.0.0.0    |   enp0s3  |   UG  |
[   23.098694] cloud-init[963]: ci-info: |   1   |   10.0.2.0  | 0.0.0.0  | 255.255.255.0 |   enp0s3  |   U   |
[   23.102747] cloud-init[963]: ci-info: +-------+-------------+----------+---------------+-----------+-------+
[   23.107169] cloud-init[963]: ci-info: +++++++++++++++++++Route IPv6 info+++++++++++++++++++
[   23.111456] cloud-init[[0;32m  OK  [0m] Started Initial cloud-init job (metadata service crawler).
[[0;32m  OK  [0m] Reached target System Initialization.
[963]: ci-info: +-------+-------------+---------+-----------+-------+
[   23.118612] cloud-init[963]: ci-info: | Route | Destination | Gateway | Interface | Flags |
[   23.123071] cloud-init[963]: ci-info: +-------+-------------+---------+-----------+-------+
[   23.126844] cloud-init[963]: ci-info: |   0   |  fe80::/64  |    ::   |   enp0s3  |   U   |
         Starting LXD - unix socket.
[   23.131074] [[0;32m  OK  [0m] Listening on D-Bus System Message Bus Socket.
[[0;32m  OK  [0m] Started Daily Cleanup of Temporary Directories.
cloud-init[963]: ci-info: |   3   |   ff00::/8  |    ::   |   enp0s3  |   U   |[[0;32m  OK  [0m] Started ACPI Events Check.
[[0;32m  OK  [0m] Reached target Paths.
[[0;32m  OK  [0m] Listening on ACPID Listen Socket.

[[0;32m  OK  [0m] Started Daily apt download activities.
[   23.145082] [[0;32m  OK  [0m] Listening on UUID daemon activation socket.
[[0;32m  OK  [0m] Started Daily apt upgrade and clean activities.
cloud-init[963]: ci-info: +-------+-------------+---------+-----------+-------+
[   23.151504] cloud-init[963]: Generating public/private rsa key pair.
         Starting Socket activation for snappy daemon.
[[0;32m  OK  [0m] Started Message of the Day.
[[0;32m  OK  [0m] Reached target Timers.
[[0;32m  OK  [0m] Reached target Network is Online.
[   23.155187] cloud-init[963]: Your identification has been saved in /etc/ssh/ssh_host_rsa_key.
[   23.162621] cloud-init[963]: Your public key has been saved in /etc/ssh/ssh_host_rsa_key.pub.
[   23.166163] cloud-init[963]: The key fingerprint is:
[   23.168918] cloud-init[963]: SHA256:sXhInRxzkzpss8FcsKSKScFyRPkCvqf87OGiqpm1PSM root@ubuntu-xenial
[   23.172592] cloud-init[963]: The key's randomart image is:
[   23.175430] cloud-init         Starting iSCSI initiator daemon (iscsid)...
[[0;32m  OK  [0m] Reached target Cloud-config availability.
[963]: +---[RSA 2048]----+
[   23.181625] cloud-init[963]: [[0;32m  OK  [0m| ++.    =.o.     |] Listening on LXD - unix socket.
[[0;32m  OK  [0m] Listening on Socket activation for snappy daemon.
[[0;32m  OK  [0m] Reached target Sockets.
[[0;32m  OK  [0m] Reached target Basic System.

[   23.191050] cloud-init[963]: |o +.   = *o.     |
[   23.193179] cloud-init[963]: |.+..  o+*o       |
[   23.194991] cloud-init[963]: | o.o.o oXo       |
[   23.197004] cloud-init[963]: |  +.. o.S=       |
[   23.199513] cloud-init[963]: | . .   ..        |
[   23.202242] cloud-init[963]: |. +.             |
[   23.205268] cloud-init[963]: | BEo+            |
[   23.207794] cloud-init[963]: |X =*.o           |
[   23.210273] cloud-init[963]: +----[SHA256]-----+
[   23.212686] cloud-init[963]: Generating public/private dsa key pair.
[   23.215577] cloud-init[963]: Your identification has been saved in /etc/ssh/ssh_host_dsa_key.
[   23.219317] cloud-init[963]: Your public key has been saved in /etc/ssh/ssh_host_dsa_key.pub.
[   23.222930] cloud-init[963]: The key fingerprint is:
[   23.225526] cloud-init[963]: SHA256:bv88SKdiIckWWyo7Xw2i6m1O8LbM0Al4V17mazO6Nxc root@ubuntu-xenial
[   23.229364] cloud-init[963]: The key's randomart image is:
[   23.232046] cloud-init[963]: +---[DSA 1024]----+
[   23.234553] cloud-init[963]: |                 |
[   23.236954] cloud-init[963]: |                 |
[   23.239335] cloud-init[963]: |      . o        |
[   23.241711] cloud-init[963]: | .   o.+.        |
[   23.244176] cloud-init[963]: |. + ..o*S        |
[   23.246760] cloud-init[963]: | . *.oBo.+E .    |
[   23.248871] cloud-init[963]: |  . B+ .Oo.=     |
[   23.250994] cloud-init[963]: |   O+. ==++..    |
[   23.253106] cloud-init[963]: | .oo*o++ +..o.   |
[   23.255927] cloud-init[963]: +----[SHA256]-----+
[   23.257852] cloud-init[963]: Generating public/private ecdsa key pair.
[   23.262471] cloud-init[963]: Your identification has been saved in /etc/ssh/ssh_host_ecdsa_key.
[   23.265898] cloud-init[963]: Your public key has been saved in /etc/ssh/ssh_host_ecdsa_key.pub.
[   23.277312] cloud-init[963]: The key fingerprint is:
[   23.277885] cloud-init[963]: SHA256:JObTqsQQ5ZMi1Ecl3M6F4Tge6r6OleOk7U28SAcb1v0 root@ubuntu-xenial
[   23.279982] cloud-init[963]: The key's randomart image is:
[   23.280615] cloud-init[963]: +---[ECDSA 256]---+
[[0;32m  OK  [0m] Started Regular background program processing daemon.
[   23.281458] cloud-init[963]: | .. +oooo        |
[   23.283858] cloud-init[963]: |.  + ++o .       |
[   23.285054] cloud-init[963]: |. o =+=.o        |
[   23.296776] cloud-init[963]: | . o+++*         |
[   23.297304] cloud-init[963]: |  .= oo.S        |
         Starting System Logging Service...
[   23.297501] cloud-init[963]: |  oo*  o.        |
[   23.302722] cloud-init[963]: |   Oo+.  E       |
[   23.305251] cloud-init[963]: |  X.*..          |
[   23.308525] cloud-init[963]: | ooOoo           |
[   23.309060] cloud-init[963]: +----[SHA256]-----+
         Starting LXD - container startup/shutdown...
[   23.310130]          Starting LSB: Record successful boot for GRUB...
cloud-init[963]:          Starting Accounts Service...
Generating public/private ed25519 key pair.
[   23.320621] cloud-init[963]: Your identification has been saved in /etc/ssh/ssh_host_ed25519_key.
         Starting /etc/rc.local Compatibility...
[   23.333477] cloud-init[963]: Your public key has been saved in /etc/ssh/ssh_host_ed25519_key.pub.
[   23.337484] cloud-init[963]: The key fingerprint is:
[   23.339826] cloud-init[963]: SHA256:xUlJY6h/kwMy8nNOzvQiqma6wLHUG8KRFxgto409xf4 root@ubuntu-xenial
[   23.345599] cloud-init[963]:          Starting Snappy daemon...
The key's randomart image is:
         Starting Login Service...
[   23.353305]          Starting LSB: MD monitoring daemon...
cloud-init[963]: +--[ED25519 256]--+
[   23.363714] cloud-init[963]: | .+o     o=.     |
[   23.366264] cloud-init[[0;32m  OK  [0m] Started D-Bus System Message Bus.
[963]: | +..+   .+.o     |
[   23.379124] cloud-init[963]: |.*o+   .  +      |
[   23.381840] cloud-init[963]: |+ B o + ..       |
[   23.385021] cloud-init[963]: | = + + +S. .     |
[   23.387349] cloud-init[963]: |o + o E = =      |
[   23.390086] cloud-init[963]: |.o .   O o o     |
[   23.393023] cloud-init[963]: |. o   . = .      |
[   23.401517] cloud-init[963]: |o=.... . .       |
[   23.404167] cloud-init[963]: +----[SHA256]-----+
[[0;32m  OK  [0m] Started Deferred execution scheduler.
         Starting Pollinate to seed the pseudo random number generator...
[[0;32m  OK  [0m] Started FUSE filesystem for LXC.
         Starting Virtualbox guest utils...
[[0;32m  OK  [0m] Started ACPI event daemon.
[[0;32m  OK  [0m] Started System Logging Service.
[[0;32m  OK  [0m] Started /etc/rc.local Compatibility.
[[0;32m  OK  [0m] Started Login Service.
[[0;32m  OK  [0m] Started Unattended Upgrades Shutdown.
[[0;32m  OK  [0m] Started LSB: Record successful boot for GRUB.
[[0;32m  OK  [0m] Started iSCSI initiator daemon (iscsid).
         Starting Login to default iSCSI targets...
[[0;32m  OK  [0m] Started LSB: MD monitoring daemon.
         Starting Authenticate and Authorize Users to Run Privileged Tasks...
[[0;32m  OK  [0m] Started Login to default iSCSI targets.
[[0;32m  OK  [0m] Reached target Remote File Systems (Pre).
[[0;32m  OK  [0m] Reached target Remote File Systems.
         Starting LSB: automatic crash report generation...
         Starting LSB: Set the CPU Frequency Scaling governor to "ondemand"...
         Starting LSB: daemon to balance interrupts for SMP systems...
         Starting Permit User Sessions...
[[0;32m  OK  [0m] Started LSB: Set the CPU Frequency Scaling governor to "ondemand".
[[0;32m  OK  [0m] Started Permit User Sessions.
         Starting Hold until boot process finishes up...
         Starting Terminate Plymouth Boot Screen...
[[0;32m  OK  [0m] Started Hold until boot process finishes up.
[[0;32m  OK  [0m] Started Serial Getty on ttyS0.
         Starting Set console scheme...
[[0;32m  OK  [0m] Started Getty on tty1.
[[0;32m  OK  [0m] Reached target Login Prompts.
[[0;32m  OK  [0m] Started Terminate Plymouth Boot Screen.
[[0;32m  OK  [0m] Started LSB: daemon to balance interrupts for SMP systems.
[[0;32m  OK  [0m] Started LSB: automatic crash report generation.
[[0;32m  OK  [0m] Started Authenticate and Authorize Users to Run Privileged Tasks.
[[0;32m  OK  [0m] Started Accounts Service.
[[0;32m  OK  [0m] Started Set console scheme.
[[0;32m  OK  [0m] Started Virtualbox guest utils.
[[0;32m  OK  [0m] Started LXD - container startup/shutdown.
[[0;32m  OK  [0m] Started Pollinate to seed the pseudo random number generator.
         Starting OpenBSD Secure Shell server...
[[0;32m  OK  [0m] Started OpenBSD Secure Shell server.
[[0;32m  OK  [0m] Started Snappy daemon.
         Starting Wait until snapd is fully seeded...

Ubuntu 16.04.6 LTS ubuntu-xenial ttyS0

ubuntu-xenial login: [   35.993938] cloud-init[1398]: Generating locales (this might take a while)...
[   39.532412] cloud-init[1398]:   en_US.UTF-8... done
[   39.534542] cloud-init[1398]: Generation complete.
[   45.909316] cloud-init[1398]: Cloud-init v. 19.4-33-gbb4131a2-0ubuntu1~16.04.1 running 'modules:config' at Tue, 30 Jun 2020 12:07:03 +0000. Up 35.18 seconds.
ci-info: no authorized SSH keys fingerprints found for user ubuntu.
<14>Jun 30 12:07:15 ec2: 
<14>Jun 30 12:07:15 ec2: #############################################################
<14>Jun 30 12:07:15 ec2: -----BEGIN SSH HOST KEY FINGERPRINTS-----
<14>Jun 30 12:07:15 ec2: 1024 SHA256:bv88SKdiIckWWyo7Xw2i6m1O8LbM0Al4V17mazO6Nxc root@ubuntu-xenial (DSA)
<14>Jun 30 12:07:15 ec2: 256 SHA256:JObTqsQQ5ZMi1Ecl3M6F4Tge6r6OleOk7U28SAcb1v0 root@ubuntu-xenial (ECDSA)
<14>Jun 30 12:07:15 ec2: 256 SHA256:xUlJY6h/kwMy8nNOzvQiqma6wLHUG8KRFxgto409xf4 root@ubuntu-xenial (ED25519)
<14>Jun 30 12:07:15 ec2: 2048 SHA256:sXhInRxzkzpss8FcsKSKScFyRPkCvqf87OGiqpm1PSM root@ubuntu-xenial (RSA)
<14>Jun 30 12:07:15 ec2: -----END SSH HOST KEY FINGERPRINTS-----
<14>Jun 30 12:07:15 ec2: #############################################################
-----BEGIN SSH HOST KEY KEYS-----
ecdsa-sha2-nistp256 AAAAE2VjZHNhLXNoYTItbmlzdHAyNTYAAAAIbmlzdHAyNTYAAABBBNNUjp67ToDWurzNKLJ1p07f0OQpzVR5q41mNEDyLUyhwxisSPyfEHRgZulLO1oOWfWwp/bIjnx8Os2mjEgR1Pg= root@ubuntu-xenial
ssh-ed25519 AAAAC3NzaC1lZDI1NTE5AAAAIDBx3zvTXaEJoZJH1wkKSHi9I0s7moHPXGp8AqYB2bnX root@ubuntu-xenial
ssh-rsa AAAAB3NzaC1yc2EAAAADAQABAAABAQDKfibArqvGjlgALx9z7iyArHNC+gEF5IwvKsYfk0sbMhtLntxHWx5r6PwPXqziprP8rjgqZhSalmeoPG+4IHF/b2OyQp9XD5TocLbOPNds1F5f6xnn69qZnqCE6+GyVHcj1PNabyzxK2GWe3wGDkjzoZl8zWAsRwyCtEUy85IDy0wSd3mpReAzLFFHhPbkcH9BA7TEbHsTGsUHLuG7aPbfGe8cDKqDoWAEswcY9WOJihM7lBHNncpKNJLofq3+RdLklKI58WU6AGoa0n8+mTmC0IyMBiE6e+LJBaPmSz9nIGcp4Hylr3H0kKgmLVdKJmGjriDvQohFxTgTU7Murdo1 root@ubuntu-xenial
-----END SSH HOST KEY KEYS-----
[   47.231524] cloud-init[1653]: Cloud-init v. 19.4-33-gbb4131a2-0ubuntu1~16.04.1 running 'modules:final' at Tue, 30 Jun 2020 12:07:15 +0000. Up 46.77 seconds.
[   47.232391] cloud-init[1653]: ci-info: no authorized SSH keys fingerprints found for user ubuntu.
[   47.232856] cloud-init[1653]: Cloud-init v. 19.4-33-gbb4131a2-0ubuntu1~16.04.1 finished at Tue, 30 Jun 2020 12:07:16 +0000. Datasource DataSourceNoCloud [seed=/dev/sdb][dsmode=net].  Up 47.20 seconds
